HAL.hpp:124:18:virtual void touchgfx::HAL::setDisplayOrientation(touchgfx::DisplayOrientation)	0	static
HAL.hpp:635:18:virtual bool touchgfx::HAL::sampleKey(uint8_t&)	0	static
HAL.hpp:825:30:virtual touchgfx::FlashDataReader* touchgfx::HAL::getFlashDataReader() const	0	static
HAL.hpp:974:18:virtual void touchgfx::HAL::taskDelay(uint16_t)	0	static
HAL.hpp:1001:22:virtual uint16_t touchgfx::HAL::getTFTCurrentLine()	0	static
HAL.hpp:1012:21:virtual touchgfx::DMAType touchgfx::HAL::getDMAType()	0	static
HAL.hpp:1149:18:virtual void touchgfx::HAL::InvalidateCache()	0	static
HAL.hpp:1159:18:virtual void touchgfx::HAL::FlushCache()	0	static
TouchGFXHAL.hpp:33:7:TouchGFXHAL::~TouchGFXHAL()	0	static
TouchGFXHAL.cpp:32:6:virtual void TouchGFXHAL::initialize()	0	static
TouchGFXHAL.cpp:43:6:virtual void TouchGFXHAL::taskEntry()	8	static
HAL.hpp:603:18:virtual void touchgfx::HAL::backPorchExited()	8	static
TouchGFXHAL.cpp:65:11:virtual uint16_t* TouchGFXHAL::getTFTFrameBuffer() const	0	static
TouchGFXHAL.cpp:80:6:virtual void TouchGFXHAL::setTFTFrameBuffer(uint16_t*)	0	static
TouchGFXHAL.cpp:97:6:virtual void TouchGFXHAL::flushFrameBuffer(const touchgfx::Rect&)	0	static
TouchGFXHAL.cpp:113:6:virtual void TouchGFXHAL::configureInterrupts()	0	static
TouchGFXHAL.cpp:126:6:virtual void TouchGFXHAL::enableInterrupts()	0	static
TouchGFXHAL.cpp:139:6:virtual void TouchGFXHAL::disableInterrupts()	0	static
TouchGFXHAL.cpp:153:6:virtual void TouchGFXHAL::enableLCDControllerInterrupt()	0	static
HAL.hpp:682:18:virtual void touchgfx::HAL::setFrameBufferStartAddresses(void*, void*, void*)	8	static
HAL.hpp:156:18:virtual void touchgfx::HAL::setFrameBufferSize(uint16_t, uint16_t)	8	static
TouchGFXHAL.hpp:104:18:virtual void TouchGFXHAL::flushFrameBuffer()	0	static
TouchGFXHAL.hpp:33:7:virtual TouchGFXHAL::~TouchGFXHAL()	8	static
HAL.hpp:298:28:virtual touchgfx::BlitOperations touchgfx::HAL::getBlitCaps()	0	static
HAL.hpp:1122:18:virtual void touchgfx::HAL::performDisplayOrientationChange()	8	static
