main.c:912:13:SPI5_Write	16	static
main.c:1015:6:sensorPatrol_Task	24	static
main.c:1076:13:TouchGFX_Task	8	static
main.c:161:6:HAL_TIM_IC_CaptureCallback	16	static
main.c:291:6:SystemClock_Config	152	static
main.c:191:5:main	128	static
main.c:756:6:IOE_Init	0	static
main.c:765:6:IOE_ITConfig	0	static
main.c:777:6:IOE_Write	32	static
main.c:788:9:IOE_Read	32	static
main.c:801:10:IOE_ReadMultiple	24	static
main.c:810:6:IOE_Delay	0	static
main.c:938:6:LCD_IO_Init	8	static
main.c:948:6:LCD_IO_WriteData	16	static
main.c:964:6:LCD_IO_WriteReg	16	static
main.c:983:10:LCD_IO_ReadData	32	static
main.c:1010:6:LCD_Delay	0	static
main.c:1095:6:HAL_TIM_PeriodElapsedCallback	0	static
main.c:1112:6:Error_Handler	0	static
