Drawable.hpp:132:23:virtual touchgfx::Drawable* touchgfx::Drawable::getFirstChild()	0	static
Drawable.hpp:298:18:virtual void touchgfx::Drawable::setX(int16_t)	0	static
Drawable.hpp:310:18:virtual void touchgfx::Drawable::setY(int16_t)	0	static
Drawable.hpp:339:18:virtual void touchgfx::Drawable::setWidth(int16_t)	0	static
Drawable.hpp:351:18:virtual void touchgfx::Drawable::setHeight(int16_t)	0	static
Drawable.hpp:361:18:virtual void touchgfx::Drawable::childGeometryChanged()	0	static
Drawable.hpp:372:18:virtual void touchgfx::Drawable::handleClickEvent(const touchgfx::ClickEvent&)	0	static
Drawable.hpp:383:18:virtual void touchgfx::Drawable::handleGestureEvent(const touchgfx::GestureEvent&)	0	static
Drawable.hpp:471:18:virtual void touchgfx::Drawable::handleDragEvent(const touchgfx::DragEvent&)	0	static
Drawable.hpp:481:18:virtual void touchgfx::Drawable::handleTickEvent()	0	static
Drawable.hpp:568:18:virtual void touchgfx::Drawable::moveTo(int16_t, int16_t)	4	static
Drawable.hpp:683:18:virtual void touchgfx::Drawable::setupDrawChain(const touchgfx::Rect&, touchgfx::Drawable**)	0	static
Screen.hpp:93:18:virtual void touchgfx::Screen::setupScreen()	0	static
Screen.hpp:104:18:virtual void touchgfx::Screen::afterTransition()	0	static
Screen.hpp:115:18:virtual void touchgfx::Screen::tearDownScreen()	0	static
Screen.hpp:144:18:virtual void touchgfx::Screen::handleTickEvent()	0	static
Screen.hpp:154:18:virtual void touchgfx::Screen::handleKeyEvent(uint8_t)	0	static
Widget.hpp:47:18:virtual void touchgfx::Widget::getLastChild(int16_t, int16_t, touchgfx::Drawable**)	0	static
TypedText.hpp:65:13:touchgfx::TypedText::~TypedText()	0	static
CanvasWidget.hpp:60:18:virtual void touchgfx::CanvasWidget::setAlpha(uint8_t)	0	static
CanvasWidget.hpp:66:21:virtual uint8_t touchgfx::CanvasWidget::getAlpha() const	0	static
View.hpp:36:7:touchgfx::View<Screen1Presenter>::~View()	0	static
Screen1ViewBase.hpp:22:13:Screen1ViewBase::~Screen1ViewBase()	0	static
Screen1ViewBase.cpp:619:6:virtual void Screen1ViewBase::setupScreen()	0	static
Shape.hpp:35:7:touchgfx::Shape<3>::~Shape()	0	static
Shape.hpp:38:17:int touchgfx::Shape<POINTS>::getNumPoints() const [with short unsigned int POINTS = 3]	0	static
Shape.hpp:43:18:void touchgfx::Shape<POINTS>::setCorner(int, touchgfx::CWRUtil::Q5, touchgfx::CWRUtil::Q5) [with short unsigned int POINTS = 3]	0	static
Shape.hpp:51:25:touchgfx::CWRUtil::Q5 touchgfx::Shape<POINTS>::getCornerX(int) const [with short unsigned int POINTS = 3]	0	static
Shape.hpp:60:25:touchgfx::CWRUtil::Q5 touchgfx::Shape<POINTS>::getCornerY(int) const [with short unsigned int POINTS = 3]	0	static
Shape.hpp:70:18:void touchgfx::Shape<POINTS>::setCache(int, touchgfx::CWRUtil::Q5, touchgfx::CWRUtil::Q5) [with short unsigned int POINTS = 3]	0	static
Shape.hpp:78:25:touchgfx::CWRUtil::Q5 touchgfx::Shape<POINTS>::getCacheX(int) const [with short unsigned int POINTS = 3]	0	static
Shape.hpp:87:25:touchgfx::CWRUtil::Q5 touchgfx::Shape<POINTS>::getCacheY(int) const [with short unsigned int POINTS = 3]	0	static
TypedText.hpp:65:13:virtual touchgfx::TypedText::~TypedText()	8	static
Shape.hpp:35:7:virtual touchgfx::Shape<3>::~Shape()	8	static
View.hpp:36:7:virtual touchgfx::View<Screen1Presenter>::~View()	8	static
Screen1ViewBase.hpp:22:13:virtual Screen1ViewBase::~Screen1ViewBase()	8	static
Drawable.hpp:326:10:void touchgfx::Drawable::setXY(int16_t, int16_t)	16	static
Drawable.hpp:216:10:void touchgfx::Drawable::setPosition(int16_t, int16_t, int16_t, int16_t)	16	static
Box.hpp:33:5:touchgfx::Box::Box()	0	static
TextArea.hpp:42:5:touchgfx::TextArea::TextArea()	0	static
AbstractPainterRGB565.hpp:41:5:touchgfx::AbstractPainterRGB565::AbstractPainterRGB565()	16	static
Shape.hpp:35:7:touchgfx::Shape<3>::Shape()	8	static
AbstractShape.hpp:151:10:void touchgfx::AbstractShape::setOrigin(T, T) [with T = float]	0	static
AbstractShape.hpp:232:10:void touchgfx::AbstractShape::setAngle(T) [with T = float]	0	static
AbstractShape.hpp:126:10:void touchgfx::AbstractShape::setShape(const touchgfx::AbstractShape::ShapePoint<T>*) [with T = float]	24	static
Line.hpp:248:10:void touchgfx::Line::setLineWidth(T) [with T = int]	4	static
Screen1ViewBase.cpp:11:1:Screen1ViewBase::Screen1ViewBase()	1608	static
