TypedTextDatabase.cpp:42:43:const touchgfx::TypedText::TypedTextData* TypedTextDatabase::getInstance(touchgfx::LanguageId)	0	static
TypedTextDatabase.cpp:47:10:uint16_t TypedTextDatabase::getInstanceSize()	0	static
TypedTextDatabase.cpp:52:24:const touchgfx::Font** TypedTextDatabase::getFonts()	0	static
TypedTextDatabase.cpp:57:23:const touchgfx::Font* TypedTextDatabase::setFont(touchgfx::FontId, const touchgfx::Font*)	0	static
TypedTextDatabase.cpp:64:6:void TypedTextDatabase::resetFont(touchgfx::FontId)	8	static
TypedTextDatabase.cpp:82:1:cpp)	8	static
